Archive member included to satisfy reference by file (symbol)

c:/progra~2/gnuarm~1/102020~1/bin/../lib/gcc/arm-none-eabi/10.2.1/../../../../arm-none-eabi/lib/thumb/v7-m/nofp\libc_nano.a(lib_a-exit.o)
                              c:/progra~2/gnuarm~1/102020~1/bin/../lib/gcc/arm-none-eabi/10.2.1/../../../../arm-none-eabi/lib/thumb/v7-m/nofp/crt0.o (exit)
c:/progra~2/gnuarm~1/102020~1/bin/../lib/gcc/arm-none-eabi/10.2.1/../../../../arm-none-eabi/lib/thumb/v7-m/nofp\libc_nano.a(lib_a-impure.o)
                              c:/progra~2/gnuarm~1/102020~1/bin/../lib/gcc/arm-none-eabi/10.2.1/../../../../arm-none-eabi/lib/thumb/v7-m/nofp\libc_nano.a(lib_a-exit.o) (_global_impure_ptr)
c:/progra~2/gnuarm~1/102020~1/bin/../lib/gcc/arm-none-eabi/10.2.1/../../../../arm-none-eabi/lib/thumb/v7-m/nofp\libc_nano.a(lib_a-init.o)
                              c:/progra~2/gnuarm~1/102020~1/bin/../lib/gcc/arm-none-eabi/10.2.1/../../../../arm-none-eabi/lib/thumb/v7-m/nofp/crt0.o (__libc_init_array)
c:/progra~2/gnuarm~1/102020~1/bin/../lib/gcc/arm-none-eabi/10.2.1/../../../../arm-none-eabi/lib/thumb/v7-m/nofp\libc_nano.a(lib_a-memset.o)
                              c:/progra~2/gnuarm~1/102020~1/bin/../lib/gcc/arm-none-eabi/10.2.1/../../../../arm-none-eabi/lib/thumb/v7-m/nofp/crt0.o (memset)
c:/progra~2/gnuarm~1/102020~1/bin/../lib/gcc/arm-none-eabi/10.2.1/thumb/v7-m/nofp\libgcc.a(unwind-arm.o)
                              CMakeFiles/LED.out.dir/APP/Src/main.cpp.obj (__aeabi_unwind_cpp_pr0)
c:/progra~2/gnuarm~1/102020~1/bin/../lib/gcc/arm-none-eabi/10.2.1/thumb/v7-m/nofp\libgcc.a(libunwind.o)
                              c:/progra~2/gnuarm~1/102020~1/bin/../lib/gcc/arm-none-eabi/10.2.1/thumb/v7-m/nofp\libgcc.a(unwind-arm.o) (restore_core_regs)
c:/progra~2/gnuarm~1/102020~1/bin/../lib/gcc/arm-none-eabi/10.2.1/thumb/v7-m/nofp\libgcc.a(pr-support.o)
                              c:/progra~2/gnuarm~1/102020~1/bin/../lib/gcc/arm-none-eabi/10.2.1/thumb/v7-m/nofp\libgcc.a(unwind-arm.o) (__gnu_unwind_execute)
c:/progra~2/gnuarm~1/102020~1/bin/../lib/gcc/arm-none-eabi/10.2.1/../../../../arm-none-eabi/lib/thumb/v7-m/nofp\libg_nano.a(lib_a-abort.o)
                              c:/progra~2/gnuarm~1/102020~1/bin/../lib/gcc/arm-none-eabi/10.2.1/thumb/v7-m/nofp\libgcc.a(unwind-arm.o) (abort)
c:/progra~2/gnuarm~1/102020~1/bin/../lib/gcc/arm-none-eabi/10.2.1/../../../../arm-none-eabi/lib/thumb/v7-m/nofp\libg_nano.a(lib_a-memcpy-stub.o)
                              c:/progra~2/gnuarm~1/102020~1/bin/../lib/gcc/arm-none-eabi/10.2.1/thumb/v7-m/nofp\libgcc.a(unwind-arm.o) (memcpy)
c:/progra~2/gnuarm~1/102020~1/bin/../lib/gcc/arm-none-eabi/10.2.1/../../../../arm-none-eabi/lib/thumb/v7-m/nofp\libg_nano.a(lib_a-signal.o)
                              c:/progra~2/gnuarm~1/102020~1/bin/../lib/gcc/arm-none-eabi/10.2.1/../../../../arm-none-eabi/lib/thumb/v7-m/nofp\libg_nano.a(lib_a-abort.o) (raise)
c:/progra~2/gnuarm~1/102020~1/bin/../lib/gcc/arm-none-eabi/10.2.1/../../../../arm-none-eabi/lib/thumb/v7-m/nofp\libg_nano.a(lib_a-signalr.o)
                              c:/progra~2/gnuarm~1/102020~1/bin/../lib/gcc/arm-none-eabi/10.2.1/../../../../arm-none-eabi/lib/thumb/v7-m/nofp\libg_nano.a(lib_a-signal.o) (_kill_r)
c:/progra~2/gnuarm~1/102020~1/bin/../lib/gcc/arm-none-eabi/10.2.1/../../../../arm-none-eabi/lib/thumb/v7-m/nofp\libg_nano.a(lib_a-nano-mallocr.o)
                              c:/progra~2/gnuarm~1/102020~1/bin/../lib/gcc/arm-none-eabi/10.2.1/../../../../arm-none-eabi/lib/thumb/v7-m/nofp\libg_nano.a(lib_a-signal.o) (_malloc_r)
c:/progra~2/gnuarm~1/102020~1/bin/../lib/gcc/arm-none-eabi/10.2.1/../../../../arm-none-eabi/lib/thumb/v7-m/nofp\libg_nano.a(lib_a-reent.o)
                              c:/progra~2/gnuarm~1/102020~1/bin/../lib/gcc/arm-none-eabi/10.2.1/../../../../arm-none-eabi/lib/thumb/v7-m/nofp\libg_nano.a(lib_a-signalr.o) (errno)
c:/progra~2/gnuarm~1/102020~1/bin/../lib/gcc/arm-none-eabi/10.2.1/../../../../arm-none-eabi/lib/thumb/v7-m/nofp\libg_nano.a(lib_a-sbrkr.o)
                              c:/progra~2/gnuarm~1/102020~1/bin/../lib/gcc/arm-none-eabi/10.2.1/../../../../arm-none-eabi/lib/thumb/v7-m/nofp\libg_nano.a(lib_a-nano-mallocr.o) (_sbrk_r)
c:/progra~2/gnuarm~1/102020~1/bin/../lib/gcc/arm-none-eabi/10.2.1/../../../../arm-none-eabi/lib/thumb/v7-m/nofp\libg_nano.a(lib_a-mlock.o)
                              c:/progra~2/gnuarm~1/102020~1/bin/../lib/gcc/arm-none-eabi/10.2.1/../../../../arm-none-eabi/lib/thumb/v7-m/nofp\libg_nano.a(lib_a-nano-mallocr.o) (__malloc_lock)
c:/progra~2/gnuarm~1/102020~1/bin/../lib/gcc/arm-none-eabi/10.2.1/../../../../arm-none-eabi/lib/thumb/v7-m/nofp\libg_nano.a(lib_a-nano-freer.o)
                              c:/progra~2/gnuarm~1/102020~1/bin/../lib/gcc/arm-none-eabi/10.2.1/../../../../arm-none-eabi/lib/thumb/v7-m/nofp\libg_nano.a(lib_a-reent.o) (_free_r)
c:/progra~2/gnuarm~1/102020~1/bin/../lib/gcc/arm-none-eabi/10.2.1/../../../../arm-none-eabi/lib/thumb/v7-m/nofp\libg_nano.a(lib_a-lock.o)
[...]
Memory Configuration

Name             Origin             Length             Attributes
RAM              0x20000000         0x00005000         xrw
FLASH            0x08000000         0x00010000         xr
*default*        0x00000000         0xffffffff

Linker script and memory map

LOAD c:/progra~2/gnuarm~1/102020~1/bin/../lib/gcc/arm-none-eabi/10.2.1/thumb/v7-m/nofp/crti.o
LOAD c:/progra~2/gnuarm~1/102020~1/bin/../lib/gcc/arm-none-eabi/10.2.1/thumb/v7-m/nofp/crtbegin.o
LOAD c:/progra~2/gnuarm~1/102020~1/bin/../lib/gcc/arm-none-eabi/10.2.1/../../../../arm-none-eabi/lib/thumb/v7-m/nofp/crt0.o
LOAD c:/progra~2/gnuarm~1/102020~1/bin/../lib/gcc/arm-none-eabi/10.2.1/../../../../arm-none-eabi/lib/thumb/v7-m/nofp\libnosys.a
LOAD CMakeFiles/LED.out.dir/APP/Src/LED.cpp.obj
LOAD CMakeFiles/LED.out.dir/APP/Src/Timer.cpp.obj
LOAD CMakeFiles/LED.out.dir/APP/Src/main.cpp.obj
LOAD CMakeFiles/LED.out.dir/Device/Src/system_stm32f1xx.c.obj
LOAD CMakeFiles/LED.out.dir/startup_stm32f10x_md.s.obj
LOAD c:/progra~2/gnuarm~1/102020~1/bin/../lib/gcc/arm-none-eabi/10.2.1/../../../../arm-none-eabi/lib/thumb/v7-m/nofp\libstdc++_nano.a
LOAD c:/progra~2/gnuarm~1/102020~1/bin/../lib/gcc/arm-none-eabi/10.2.1/../../../../arm-none-eabi/lib/thumb/v7-m/nofp\libm.a
LOAD c:/progra~2/gnuarm~1/102020~1/bin/../lib/gcc/arm-none-eabi/10.2.1/../../../../arm-none-eabi/lib/thumb/v7-m/nofp\libc_nano.a
START GROUP
LOAD c:/progra~2/gnuarm~1/102020~1/bin/../lib/gcc/arm-none-eabi/10.2.1/thumb/v7-m/nofp\libgcc.a
LOAD c:/progra~2/gnuarm~1/102020~1/bin/../lib/gcc/arm-none-eabi/10.2.1/../../../../arm-none-eabi/lib/thumb/v7-m/nofp\libg_nano.a
LOAD c:/progra~2/gnuarm~1/102020~1/bin/../lib/gcc/arm-none-eabi/10.2.1/../../../../arm-none-eabi/lib/thumb/v7-m/nofp\libc_nano.a
END GROUP
START GROUP
LOAD c:/progra~2/gnuarm~1/102020~1/bin/../lib/gcc/arm-none-eabi/10.2.1/thumb/v7-m/nofp\libgcc.a
LOAD c:/progra~2/gnuarm~1/102020~1/bin/../lib/gcc/arm-none-eabi/10.2.1/../../../../arm-none-eabi/lib/thumb/v7-m/nofp\libc_nano.a
LOAD c:/progra~2/gnuarm~1/102020~1/bin/../lib/gcc/arm-none-eabi/10.2.1/../../../../arm-none-eabi/lib/thumb/v7-m/nofp\libnosys.a
END GROUP
START GROUP
LOAD c:/progra~2/gnuarm~1/102020~1/bin/../lib/gcc/arm-none-eabi/10.2.1/thumb/v7-m/nofp\libgcc.a
LOAD c:/progra~2/gnuarm~1/102020~1/bin/../lib/gcc/arm-none-eabi/10.2.1/../../../../arm-none-eabi/lib/thumb/v7-m/nofp\libc_nano.a
LOAD c:/progra~2/gnuarm~1/102020~1/bin/../lib/gcc/arm-none-eabi/10.2.1/../../../../arm-none-eabi/lib/thumb/v7-m/nofp\libnosys.a
END GROUP
LOAD c:/progra~2/gnuarm~1/102020~1/bin/../lib/gcc/arm-none-eabi/10.2.1/thumb/v7-m/nofp/crtend.o
LOAD c:/progra~2/gnuarm~1/102020~1/bin/../lib/gcc/arm-none-eabi/10.2.1/thumb/v7-m/nofp/crtn.o
                0x20005000                _estack = 0x20005000
                0x00000200                _Min_Heap_Size = 0x200
                0x00000400                _Min_Stack_Size = 0x400

.isr_vector     0x08000000      0x10c
                0x08000000                . = ALIGN (0x4)
 *(.isr_vector)
 .isr_vector    0x08000000      0x10c CMakeFiles/LED.out.dir/startup_stm32f10x_md.s.obj
                0x08000000                g_pfnVectors
                0x0800010c                . = ALIGN (0x4)

.text           0x0800010c     0x11a4
                0x0800010c                . = ALIGN (0x4)
 *(.text)
 .text          0x0800010c       0x40 c:/progra~2/gnuarm~1/102020~1/bin/../lib/gcc/arm-none-eabi/10.2.1/thumb/v7-m/nofp/crtbegin.o
 .text          0x0800014c      0x9e4 c:/progra~2/gnuarm~1/102020~1/bin/../lib/gcc/arm-none-eabi/10.2.1/thumb/v7-m/nofp\libgcc.a(unwind-arm.o)
                0x0800040c                _Unwind_GetCFA
                0x08000410                __gnu_Unwind_RaiseException
                0x08000478                __gnu_Unwind_ForcedUnwind
                0x0800048c                __gnu_Unwind_Resume
                0x080004d0                __gnu_Unwind_Resume_or_Rethrow
                0x080004e4                _Unwind_Complete
                0x080004e8                _Unwind_DeleteException
                0x080004f4                _Unwind_VRS_Get
                0x08000540                _Unwind_VRS_Set
                0x08000588                __gnu_Unwind_Backtrace
                0x080008b0                __aeabi_unwind_cpp_pr0
                0x080008b4                __aeabi_unwind_cpp_pr1
                0x080008b8                __aeabi_unwind_cpp_pr2
                0x080008bc                _Unwind_VRS_Pop
 .text          0x08000b30      0x1ac c:/progra~2/gnuarm~1/102020~1/bin/../lib/gcc/arm-none-eabi/10.2.1/thumb/v7-m/nofp\libgcc.a(libunwind.o)
                0x08000b30                __restore_core_regs
                0x08000b30                restore_core_regs
                0x08000b48                __gnu_Unwind_Restore_VFP
                0x08000b50                __gnu_Unwind_Save_VFP
                0x08000b58                __gnu_Unwind_Restore_VFP_D
                0x08000b60                __gnu_Unwind_Save_VFP_D
                0x08000b68                __gnu_Unwind_Restore_VFP_D_16_to_31
                0x08000b70                __gnu_Unwind_Save_VFP_D_16_to_31
                0x08000b78                __gnu_Unwind_Restore_WMMXD
                0x08000bbc                __gnu_Unwind_Save_WMMXD
                0x08000c00                __gnu_Unwind_Restore_WMMXC
                0x08000c14                __gnu_Unwind_Save_WMMXC
                0x08000c28                ___Unwind_RaiseException
                0x08000c28                _Unwind_RaiseException
                0x08000c4c                _Unwind_Resume
                0x08000c4c                ___Unwind_Resume
                0x08000c70                _Unwind_Resume_or_Rethrow
                0x08000c70                ___Unwind_Resume_or_Rethrow
                0x08000c94                _Unwind_ForcedUnwind
                0x08000c94                ___Unwind_ForcedUnwind
                0x08000cb8                ___Unwind_Backtrace
                0x08000cb8                _Unwind_Backtrace
 .text          0x08000cdc      0x38c c:/progra~2/gnuarm~1/102020~1/bin/../lib/gcc/arm-none-eabi/10.2.1/thumb/v7-m/nofp\libgcc.a(pr-support.o)
                0x08000d34                __gnu_unwind_execute
                0x08001018                __gnu_unwind_frame
                0x08001048                _Unwind_GetRegionStart
                0x08001054                _Unwind_GetLanguageSpecificData
 *(.text*)
 .text._ZN3LEDC2EmN8GPIO_REG3PinE
                0x08001068       0x90 CMakeFiles/LED.out.dir/APP/Src/LED.cpp.obj
                0x08001068                LED::LED(unsigned long, GPIO_REG::Pin)
                0x08001068                LED::LED(unsigned long, GPIO_REG::Pin)
 .text._ZN3LED3SETEv
                0x080010f8       0x10 CMakeFiles/LED.out.dir/APP/Src/LED.cpp.obj
                0x080010f8                LED::SET()
 .text.main     0x08001108       0x20 CMakeFiles/LED.out.dir/APP/Src/main.cpp.obj
                0x08001108                main
 .text.SystemInit
                0x08001128        0x2 CMakeFiles/LED.out.dir/Device/Src/system_stm32f1xx.c.obj
                0x08001128                SystemInit
 *fill*         0x0800112a        0x2 
 .text.Reset_Handler
                0x0800112c       0x48 CMakeFiles/LED.out.dir/startup_stm32f10x_md.s.obj
                0x0800112c                Reset_Handler
 .text.Default_Handler
                0x08001174        0x2 CMakeFiles/LED.out.dir/startup_stm32f10x_md.s.obj
                0x08001174                RTC_Alarm_IRQHandler
                0x08001174                EXTI2_IRQHandler
                0x08001174                DebugMon_Handler
                0x08001174                TIM1_CC_IRQHandler
                0x08001174                HardFault_Handler
                0x08001174                SysTick_Handler
                0x08001174                PVD_IRQHandler
                0x08001174                PendSV_Handler
                0x08001174                NMI_Handler
                0x08001174                EXTI3_IRQHandler
                0x08001174                EXTI0_IRQHandler
                0x08001174                I2C2_EV_IRQHandler
                0x08001174                UsageFault_Handler
                0x08001174                ADC1_2_IRQHandler
                0x08001174                SPI1_IRQHandler
                0x08001174                TAMPER_IRQHandler
                0x08001174                DMA1_Channel4_IRQHandler
                0x08001174                USART3_IRQHandler
                0x08001174                RTC_IRQHandler
                0x08001174                DMA1_Channel7_IRQHandler
                0x08001174                CAN1_RX1_IRQHandler
                0x08001174                TIM4_IRQHandler
                0x08001174                I2C1_EV_IRQHandler
                0x08001174                DMA1_Channel6_IRQHandler
                0x08001174                TIM3_IRQHandler
                0x08001174                RCC_IRQHandler
                0x08001174                TIM1_TRG_COM_IRQHandler
                0x08001174                DMA1_Channel1_IRQHandler
                0x08001174                Default_Handler
                0x08001174                EXTI15_10_IRQHandler
                0x08001174                EXTI9_5_IRQHandler
                0x08001174                SPI2_IRQHandler
                0x08001174                MemManage_Handler
                0x08001174                SVC_Handler
                0x08001174                DMA1_Channel5_IRQHandler
                0x08001174                EXTI4_IRQHandler
                0x08001174                USB_LP_CAN1_RX0_IRQHandler
                0x08001174                USB_HP_CAN1_TX_IRQHandler
                0x08001174                DMA1_Channel3_IRQHandler
                0x08001174                TIM1_UP_IRQHandler
                0x08001174                WWDG_IRQHandler
                0x08001174                TIM2_IRQHandler
                0x08001174                TIM1_BRK_IRQHandler
                0x08001174                EXTI1_IRQHandler
                0x08001174                USART2_IRQHandler
                0x08001174                I2C2_ER_IRQHandler
                0x08001174                DMA1_Channel2_IRQHandler
                0x08001174                CAN1_SCE_IRQHandler
                0x08001174                FLASH_IRQHandler
                0x08001174                BusFault_Handler
                0x08001174                USART1_IRQHandler
                0x08001174                I2C1_ER_IRQHandler
                0x08001174                USBWakeUp_IRQHandler
 *fill*         0x08001176        0x2 
 .text.__libc_init_array
                0x08001178       0x48 c:/progra~2/gnuarm~1/102020~1/bin/../lib/gcc/arm-none-eabi/10.2.1/../../../../arm-none-eabi/lib/thumb/v7-m/nofp\libc_nano.a(lib_a-init.o)
                0x08001178                __libc_init_array
 .text.abort    0x080011c0        0xe c:/progra~2/gnuarm~1/102020~1/bin/../lib/gcc/arm-none-eabi/10.2.1/../../../../arm-none-eabi/lib/thumb/v7-m/nofp\libg_nano.a(lib_a-abort.o)
                0x080011c0                abort
 .text.memcpy   0x080011ce       0x1c c:/progra~2/gnuarm~1/102020~1/bin/../lib/gcc/arm-none-eabi/10.2.1/../../../../arm-none-eabi/lib/thumb/v7-m/nofp\libg_nano.a(lib_a-memcpy-stub.o)
                0x080011ce                memcpy
 .text._raise_r
                0x080011ea       0x50 c:/progra~2/gnuarm~1/102020~1/bin/../lib/gcc/arm-none-eabi/10.2.1/../../../../arm-none-eabi/lib/thumb/v7-m/nofp\libg_nano.a(lib_a-signal.o)
                0x080011ea                _raise_r
 *fill*         0x0800123a        0x2 
 .text.raise    0x0800123c       0x10 c:/progra~2/gnuarm~1/102020~1/bin/../lib/gcc/arm-none-eabi/10.2.1/../../../../arm-none-eabi/lib/thumb/v7-m/nofp\libg_nano.a(lib_a-signal.o)
                0x0800123c                raise
 .text._kill_r  0x0800124c       0x24 c:/progra~2/gnuarm~1/102020~1/bin/../lib/gcc/arm-none-eabi/10.2.1/../../../../arm-none-eabi/lib/thumb/v7-m/nofp\libg_nano.a(lib_a-signalr.o)
                0x0800124c                _kill_r
 .text._getpid_r
                0x08001270        0x4 c:/progra~2/gnuarm~1/102020~1/bin/../lib/gcc/arm-none-eabi/10.2.1/../../../../arm-none-eabi/lib/thumb/v7-m/nofp\libg_nano.a(lib_a-signalr.o)
                0x08001270                _getpid_r
 .text._getpid  0x08001274       0x10 c:/progra~2/gnuarm~1/102020~1/bin/../lib/gcc/arm-none-eabi/10.2.1/../../../../arm-none-eabi/lib/thumb/v7-m/nofp\libnosys.a(getpid.o)
                0x08001274                _getpid
 .text._kill    0x08001284       0x10 c:/progra~2/gnuarm~1/102020~1/bin/../lib/gcc/arm-none-eabi/10.2.1/../../../../arm-none-eabi/lib/thumb/v7-m/nofp\libnosys.a(kill.o)
                0x08001284                _kill
 .text._exit    0x08001294        0x4 c:/progra~2/gnuarm~1/102020~1/bin/../lib/gcc/arm-none-eabi/10.2.1/../../../../arm-none-eabi/lib/thumb/v7-m/nofp\libnosys.a(_exit.o)
                0x08001294                _exit
 *(.glue_7)
 .glue_7        0x08001298        0x0 linker stubs
 *(.glue_7t)
 .glue_7t       0x08001298        0x0 linker stubs
 *(.eh_frame)
 .eh_frame      0x08001298        0x0 c:/progra~2/gnuarm~1/102020~1/bin/../lib/gcc/arm-none-eabi/10.2.1/thumb/v7-m/nofp/crtbegin.o
 *(.init)
 .init          0x08001298        0x4 c:/progra~2/gnuarm~1/102020~1/bin/../lib/gcc/arm-none-eabi/10.2.1/thumb/v7-m/nofp/crti.o
                0x08001298                _init
 .init          0x0800129c        0x8 c:/progra~2/gnuarm~1/102020~1/bin/../lib/gcc/arm-none-eabi/10.2.1/thumb/v7-m/nofp/crtn.o
 *(.fini)
 .fini          0x080012a4        0x4 c:/progra~2/gnuarm~1/102020~1/bin/../lib/gcc/arm-none-eabi/10.2.1/thumb/v7-m/nofp/crti.o
                0x080012a4                _fini
 .fini          0x080012a8        0x8 c:/progra~2/gnuarm~1/102020~1/bin/../lib/gcc/arm-none-eabi/10.2.1/thumb/v7-m/nofp/crtn.o
                0x080012b0                . = ALIGN (0x4)
                0x080012b0                _etext = .

.vfp11_veneer   0x080012b0        0x0
 .vfp11_veneer  0x080012b0        0x0 linker stubs

.v4_bx          0x080012b0        0x0
 .v4_bx         0x080012b0        0x0 linker stubs

.iplt           0x080012b0        0x0
 .iplt          0x080012b0        0x0 c:/progra~2/gnuarm~1/102020~1/bin/../lib/gcc/arm-none-eabi/10.2.1/thumb/v7-m/nofp/crtbegin.o

.rodata         0x080012b0        0x0
                0x080012b0                . = ALIGN (0x4)
 *(.rodata)
 *(.rodata*)
                0x080012b0                . = ALIGN (0x4)

.ARM.extab      0x080012b0       0x18
 *(.ARM.extab* .gnu.linkonce.armextab.*)
 .ARM.extab     0x080012b0       0x18 c:/progra~2/gnuarm~1/102020~1/bin/../lib/gcc/arm-none-eabi/10.2.1/thumb/v7-m/nofp\libgcc.a(pr-support.o)

.ARM            0x080012c8       0xc8
                0x080012c8                __exidx_start = .
 *(.ARM.exidx*)
 .ARM.exidx.text._ZN3LEDC2EmN8GPIO_REG3PinE
                0x08001378        0x8 CMakeFiles/LED.out.dir/APP/Src/LED.cpp.obj
 .ARM.exidx.text._ZN3LED3SETEv
                0x08001380        0x0 CMakeFiles/LED.out.dir/APP/Src/LED.cpp.obj
                                  0x8 (size before relaxing)
 .ARM.exidx.text.main
                0x08001380       0x10 CMakeFiles/LED.out.dir/APP/Src/main.cpp.obj
                                  0x8 (size before relaxing)
 .ARM.exidx     0x080012c8       0x80 c:/progra~2/gnuarm~1/102020~1/bin/../lib/gcc/arm-none-eabi/10.2.1/thumb/v7-m/nofp\libgcc.a(unwind-arm.o)
                                 0xd8 (size before relaxing)
 .ARM.exidx     0x08001348       0x30 c:/progra~2/gnuarm~1/102020~1/bin/../lib/gcc/arm-none-eabi/10.2.1/thumb/v7-m/nofp\libgcc.a(pr-support.o)
                                 0x38 (size before relaxing)
                0x08001390                __exidx_end = .

.rel.dyn        0x08001390        0x0
 .rel.iplt      0x08001390        0x0 c:/progra~2/gnuarm~1/102020~1/bin/../lib/gcc/arm-none-eabi/10.2.1/thumb/v7-m/nofp/crtbegin.o

.preinit_array  0x08001390        0x0
                0x08001390                PROVIDE (__preinit_array_start = .)
 *(.preinit_array*)
                0x08001390                PROVIDE (__preinit_array_end = .)

.init_array     0x08001390        0x4
                0x08001390                PROVIDE (__init_array_start = .)
 *(SORT_BY_NAME(.init_array.*))
 *(.init_array*)
 .init_array    0x08001390        0x4 c:/progra~2/gnuarm~1/102020~1/bin/../lib/gcc/arm-none-eabi/10.2.1/thumb/v7-m/nofp/crtbegin.o
                0x08001394                PROVIDE (__init_array_end = .)

.fini_array     0x08001394        0x4
                [!provide]                PROVIDE (__fini_array_start = .)
 *(SORT_BY_NAME(.fini_array.*))
 *(.fini_array*)
 .fini_array    0x08001394        0x4 c:/progra~2/gnuarm~1/102020~1/bin/../lib/gcc/arm-none-eabi/10.2.1/thumb/v7-m/nofp/crtbegin.o
                [!provide]                PROVIDE (__fini_array_end = .)
                0x08001398                _sidata = LOADADDR (.data)

.data           0x20000000       0x64 load address 0x08001398
                0x20000000                . = ALIGN (0x4)
                0x20000000                _sdata = .
 *(.data)
 *(.data*)
 .data._impure_ptr
                0x20000000        0x4 c:/progra~2/gnuarm~1/102020~1/bin/../lib/gcc/arm-none-eabi/10.2.1/../../../../arm-none-eabi/lib/thumb/v7-m/nofp\libc_nano.a(lib_a-impure.o)
                0x20000000                _impure_ptr
 .data.impure_data
                0x20000004       0x60 c:/progra~2/gnuarm~1/102020~1/bin/../lib/gcc/arm-none-eabi/10.2.1/../../../../arm-none-eabi/lib/thumb/v7-m/nofp\libc_nano.a(lib_a-impure.o)
                0x20000064                . = ALIGN (0x4)
                0x20000064                _edata = .

.igot.plt       0x20000064        0x0 load address 0x080013fc
 .igot.plt      0x20000064        0x0 c:/progra~2/gnuarm~1/102020~1/bin/../lib/gcc/arm-none-eabi/10.2.1/thumb/v7-m/nofp/crtbegin.o
                0x20000064                . = ALIGN (0x4)

.bss            0x20000064       0x20 load address 0x080013fc
                0x20000064                _sbss = .
                0x20000064                __bss_start__ = _sbss
 *(.bss)
 .bss           0x20000064       0x1c c:/progra~2/gnuarm~1/102020~1/bin/../lib/gcc/arm-none-eabi/10.2.1/thumb/v7-m/nofp/crtbegin.o
 *(.bss*)
 .bss.errno     0x20000080        0x4 c:/progra~2/gnuarm~1/102020~1/bin/../lib/gcc/arm-none-eabi/10.2.1/../../../../arm-none-eabi/lib/thumb/v7-m/nofp\libg_nano.a(lib_a-reent.o)
                0x20000080                errno
 *(COMMON)
                0x20000084                . = ALIGN (0x4)
                0x20000084                _ebss = .
                0x20000084                __bss_end__ = _ebss

._user_heap_stack
                0x20000084      0x604 load address 0x080013fc
                0x20000088                . = ALIGN (0x8)
 *fill*         0x20000084        0x4 
                0x20000088                PROVIDE (end = .)
                [!provide]                PROVIDE (_end = .)
                0x20000288                . = (. + _Min_Heap_Size)
 *fill*         0x20000088      0x200 
                0x20000688                . = (. + _Min_Stack_Size)
 *fill*         0x20000288      0x400 
                0x20000688                . = ALIGN (0x8)

/DISCARD/
 libc.a(*)
 libm.a(*)
 libgcc.a(*)

.ARM.attributes
                0x00000000       0x29
 *(.ARM.attributes)
 .ARM.attributes
                0x00000000       0x1d c:/progra~2/gnuarm~1/102020~1/bin/../lib/gcc/arm-none-eabi/10.2.1/thumb/v7-m/nofp/crti.o
 .ARM.attributes
                0x0000001d       0x2d c:/progra~2/gnuarm~1/102020~1/bin/../lib/gcc/arm-none-eabi/10.2.1/thumb/v7-m/nofp/crtbegin.o
 .ARM.attributes
                0x0000004a       0x2d CMakeFiles/LED.out.dir/APP/Src/LED.cpp.obj
 .ARM.attributes
                0x00000077       0x2d CMakeFiles/LED.out.dir/APP/Src/main.cpp.obj
 .ARM.attributes
                0x000000a4       0x2d CMakeFiles/LED.out.dir/Device/Src/system_stm32f1xx.c.obj
 .ARM.attributes
                0x000000d1       0x21 CMakeFiles/LED.out.dir/startup_stm32f10x_md.s.obj
 .ARM.attributes
                0x000000f2       0x2d c:/progra~2/gnuarm~1/102020~1/bin/../lib/gcc/arm-none-eabi/10.2.1/../../../../arm-none-eabi/lib/thumb/v7-m/nofp\libc_nano.a(lib_a-impure.o)
 .ARM.attributes
                0x0000011f       0x2d c:/progra~2/gnuarm~1/102020~1/bin/../lib/gcc/arm-none-eabi/10.2.1/../../../../arm-none-eabi/lib/thumb/v7-m/nofp\libc_nano.a(lib_a-init.o)
 .ARM.attributes
                0x0000014c       0x2d c:/progra~2/gnuarm~1/102020~1/bin/../lib/gcc/arm-none-eabi/10.2.1/thumb/v7-m/nofp\libgcc.a(unwind-arm.o)
 .ARM.attributes
                0x00000179       0x1d c:/progra~2/gnuarm~1/102020~1/bin/../lib/gcc/arm-none-eabi/10.2.1/thumb/v7-m/nofp\libgcc.a(libunwind.o)
 .ARM.attributes
                0x00000196       0x2d c:/progra~2/gnuarm~1/102020~1/bin/../lib/gcc/arm-none-eabi/10.2.1/thumb/v7-m/nofp\libgcc.a(pr-support.o)
 .ARM.attributes
                0x000001c3       0x2d c:/progra~2/gnuarm~1/102020~1/bin/../lib/gcc/arm-none-eabi/10.2.1/../../../../arm-none-eabi/lib/thumb/v7-m/nofp\libg_nano.a(lib_a-abort.o)
 .ARM.attributes
                0x000001f0       0x2d c:/progra~2/gnuarm~1/102020~1/bin/../lib/gcc/arm-none-eabi/10.2.1/../../../../arm-none-eabi/lib/thumb/v7-m/nofp\libg_nano.a(lib_a-memcpy-stub.o)
 .ARM.attributes
                0x0000021d       0x2d c:/progra~2/gnuarm~1/102020~1/bin/../lib/gcc/arm-none-eabi/10.2.1/../../../../arm-none-eabi/lib/thumb/v7-m/nofp\libg_nano.a(lib_a-signal.o)
 .ARM.attributes
                0x0000024a       0x2d c:/progra~2/gnuarm~1/102020~1/bin/../lib/gcc/arm-none-eabi/10.2.1/../../../../arm-none-eabi/lib/thumb/v7-m/nofp\libg_nano.a(lib_a-signalr.o)
 .ARM.attributes
                0x00000277       0x2d c:/progra~2/gnuarm~1/102020~1/bin/../lib/gcc/arm-none-eabi/10.2.1/../../../../arm-none-eabi/lib/thumb/v7-m/nofp\libg_nano.a(lib_a-reent.o)
 .ARM.attributes
                0x000002a4       0x2d c:/progra~2/gnuarm~1/102020~1/bin/../lib/gcc/arm-none-eabi/10.2.1/../../../../arm-none-eabi/lib/thumb/v7-m/nofp\libnosys.a(getpid.o)
 .ARM.attributes
                0x000002d1       0x2d c:/progra~2/gnuarm~1/102020~1/bin/../lib/gcc/arm-none-eabi/10.2.1/../../../../arm-none-eabi/lib/thumb/v7-m/nofp\libnosys.a(kill.o)
 .ARM.attributes
                0x000002fe       0x2d c:/progra~2/gnuarm~1/102020~1/bin/../lib/gcc/arm-none-eabi/10.2.1/../../../../arm-none-eabi/lib/thumb/v7-m/nofp\libnosys.a(_exit.o)
 .ARM.attributes
                0x0000032b       0x1d c:/progra~2/gnuarm~1/102020~1/bin/../lib/gcc/arm-none-eabi/10.2.1/thumb/v7-m/nofp/crtn.o
OUTPUT(LED.out elf32-littlearm)
LOAD linker stubs
LOAD c:/progra~2/gnuarm~1/102020~1/bin/../lib/gcc/arm-none-eabi/10.2.1/../../../../arm-none-eabi/lib/thumb/v7-m/nofp\libc.a
LOAD c:/progra~2/gnuarm~1/102020~1/bin/../lib/gcc/arm-none-eabi/10.2.1/../../../../arm-none-eabi/lib/thumb/v7-m/nofp\libm.a
LOAD c:/progra~2/gnuarm~1/102020~1/bin/../lib/gcc/arm-none-eabi/10.2.1/thumb/v7-m/nofp\libgcc.a

.debug_info     0x00000000     0x11f3
 .debug_info    0x00000000      0x84b CMakeFiles/LED.out.dir/APP/Src/LED.cpp.obj
 .debug_info    0x0000084b      0x745 CMakeFiles/LED.out.dir/APP/Src/main.cpp.obj
 .debug_info    0x00000f90      0x241 CMakeFiles/LED.out.dir/Device/Src/system_stm32f1xx.c.obj
 .debug_info    0x000011d1       0x22 CMakeFiles/LED.out.dir/startup_stm32f10x_md.s.obj

.debug_abbrev   0x00000000      0x57d
 .debug_abbrev  0x00000000      0x254 CMakeFiles/LED.out.dir/APP/Src/LED.cpp.obj
 .debug_abbrev  0x00000254      0x1d9 CMakeFiles/LED.out.dir/APP/Src/main.cpp.obj
 .debug_abbrev  0x0000042d      0x13e CMakeFiles/LED.out.dir/Device/Src/system_stm32f1xx.c.obj
 .debug_abbrev  0x0000056b       0x12 CMakeFiles/LED.out.dir/startup_stm32f10x_md.s.obj

.debug_loc      0x00000000      0x2b5
 .debug_loc     0x00000000      0x1b6 CMakeFiles/LED.out.dir/APP/Src/LED.cpp.obj
 .debug_loc     0x000001b6       0xff CMakeFiles/LED.out.dir/Device/Src/system_stm32f1xx.c.obj

.debug_aranges  0x00000000       0xb0
 .debug_aranges
                0x00000000       0x40 CMakeFiles/LED.out.dir/APP/Src/LED.cpp.obj
 .debug_aranges
                0x00000040       0x20 CMakeFiles/LED.out.dir/APP/Src/main.cpp.obj
 .debug_aranges
                0x00000060       0x28 CMakeFiles/LED.out.dir/Device/Src/system_stm32f1xx.c.obj
 .debug_aranges
                0x00000088       0x28 CMakeFiles/LED.out.dir/startup_stm32f10x_md.s.obj

.debug_ranges   0x00000000       0x90
 .debug_ranges  0x00000000       0x48 CMakeFiles/LED.out.dir/APP/Src/LED.cpp.obj
 .debug_ranges  0x00000048       0x10 CMakeFiles/LED.out.dir/APP/Src/main.cpp.obj
 .debug_ranges  0x00000058       0x18 CMakeFiles/LED.out.dir/Device/Src/system_stm32f1xx.c.obj
 .debug_ranges  0x00000070       0x20 CMakeFiles/LED.out.dir/startup_stm32f10x_md.s.obj

.debug_line     0x00000000      0x8cc
 .debug_line    0x00000000      0x377 CMakeFiles/LED.out.dir/APP/Src/LED.cpp.obj
 .debug_line    0x00000377      0x26c CMakeFiles/LED.out.dir/APP/Src/main.cpp.obj
 .debug_line    0x000005e3      0x242 CMakeFiles/LED.out.dir/Device/Src/system_stm32f1xx.c.obj
 .debug_line    0x00000825       0xa7 CMakeFiles/LED.out.dir/startup_stm32f10x_md.s.obj

.debug_str      0x00000000      0x704
 .debug_str     0x00000000      0x4ec CMakeFiles/LED.out.dir/APP/Src/LED.cpp.obj
                                0x639 (size before relaxing)
 .debug_str     0x000004ec       0x47 CMakeFiles/LED.out.dir/APP/Src/main.cpp.obj
                                0x615 (size before relaxing)
 .debug_str     0x00000533      0x17b CMakeFiles/LED.out.dir/Device/Src/system_stm32f1xx.c.obj
                                0x268 (size before relaxing)
 .debug_str     0x000006ae       0x56 CMakeFiles/LED.out.dir/startup_stm32f10x_md.s.obj
                                 0x93 (size before relaxing)

.comment        0x00000000       0x4d
 .comment       0x00000000       0x4d CMakeFiles/LED.out.dir/APP/Src/LED.cpp.obj
                                 0x4e (size before relaxing)
 .comment       0x0000004d       0x4e CMakeFiles/LED.out.dir/APP/Src/main.cpp.obj
 .comment       0x0000004d       0x4e CMakeFiles/LED.out.dir/Device/Src/system_stm32f1xx.c.obj

.debug_frame    0x00000000      0x6dc
 .debug_frame   0x00000000       0x6c CMakeFiles/LED.out.dir/APP/Src/LED.cpp.obj
 .debug_frame   0x0000006c       0x2c CMakeFiles/LED.out.dir/APP/Src/main.cpp.obj
 .debug_frame   0x00000098       0x30 CMakeFiles/LED.out.dir/Device/Src/system_stm32f1xx.c.obj
 .debug_frame   0x000000c8       0x2c c:/progra~2/gnuarm~1/102020~1/bin/../lib/gcc/arm-none-eabi/10.2.1/../../../../arm-none-eabi/lib/thumb/v7-m/nofp\libc_nano.a(lib_a-init.o)
 .debug_frame   0x000000f4      0x2e0 c:/progra~2/gnuarm~1/102020~1/bin/../lib/gcc/arm-none-eabi/10.2.1/thumb/v7-m/nofp\libgcc.a(unwind-arm.o)
 .debug_frame   0x000003d4       0xf4 c:/progra~2/gnuarm~1/102020~1/bin/../lib/gcc/arm-none-eabi/10.2.1/thumb/v7-m/nofp\libgcc.a(pr-support.o)
 .debug_frame   0x000004c8       0x28 c:/progra~2/gnuarm~1/102020~1/bin/../lib/gcc/arm-none-eabi/10.2.1/../../../../arm-none-eabi/lib/thumb/v7-m/nofp\libg_nano.a(lib_a-abort.o)
 .debug_frame   0x000004f0       0x28 c:/progra~2/gnuarm~1/102020~1/bin/../lib/gcc/arm-none-eabi/10.2.1/../../../../arm-none-eabi/lib/thumb/v7-m/nofp\libg_nano.a(lib_a-memcpy-stub.o)
 .debug_frame   0x00000518       0xcc c:/progra~2/gnuarm~1/102020~1/bin/../lib/gcc/arm-none-eabi/10.2.1/../../../../arm-none-eabi/lib/thumb/v7-m/nofp\libg_nano.a(lib_a-signal.o)
 .debug_frame   0x000005e4       0x3c c:/progra~2/gnuarm~1/102020~1/bin/../lib/gcc/arm-none-eabi/10.2.1/../../../../arm-none-eabi/lib/thumb/v7-m/nofp\libg_nano.a(lib_a-signalr.o)
 .debug_frame   0x00000620       0x5c c:/progra~2/gnuarm~1/102020~1/bin/../lib/gcc/arm-none-eabi/10.2.1/../../../../arm-none-eabi/lib/thumb/v7-m/nofp\libg_nano.a(lib_a-reent.o)
 .debug_frame   0x0000067c       0x20 c:/progra~2/gnuarm~1/102020~1/bin/../lib/gcc/arm-none-eabi/10.2.1/../../../../arm-none-eabi/lib/thumb/v7-m/nofp\libnosys.a(getpid.o)
 .debug_frame   0x0000069c       0x20 c:/progra~2/gnuarm~1/102020~1/bin/../lib/gcc/arm-none-eabi/10.2.1/../../../../arm-none-eabi/lib/thumb/v7-m/nofp\libnosys.a(kill.o)
 .debug_frame   0x000006bc       0x20 c:/progra~2/gnuarm~1/102020~1/bin/../lib/gcc/arm-none-eabi/10.2.1/../../../../arm-none-eabi/lib/thumb/v7-m/nofp\libnosys.a(_exit.o)

.stab           0x00000000       0x3c
 .stab          0x00000000       0x24 c:/progra~2/gnuarm~1/102020~1/bin/../lib/gcc/arm-none-eabi/10.2.1/../../../../arm-none-eabi/lib/thumb/v7-m/nofp\libnosys.a(getpid.o)
 .stab          0x00000024       0x18 c:/progra~2/gnuarm~1/102020~1/bin/../lib/gcc/arm-none-eabi/10.2.1/../../../../arm-none-eabi/lib/thumb/v7-m/nofp\libnosys.a(kill.o)
                                 0x24 (size before relaxing)

.stabstr        0x00000000       0x76
 .stabstr       0x00000000       0x76 c:/progra~2/gnuarm~1/102020~1/bin/../lib/gcc/arm-none-eabi/10.2.1/../../../../arm-none-eabi/lib/thumb/v7-m/nofp\libnosys.a(getpid.o)

Cross Reference Table

Symbol                                            File
ADC1_2_IRQHandler                                 CMakeFiles/LED.out.dir/startup_stm32f10x_md.s.obj
AHBPrescTable                                     CMakeFiles/LED.out.dir/Device/Src/system_stm32f1xx.c.obj
APBPrescTable                                     CMakeFiles/LED.out.dir/Device/Src/system_stm32f1xx.c.obj
BusFault_Handler                                  CMakeFiles/LED.out.dir/startup_stm32f10x_md.s.obj
CAN1_RX1_IRQHandler                               CMakeFiles/LED.out.dir/startup_stm32f10x_md.s.obj
CAN1_SCE_IRQHandler                               CMakeFiles/LED.out.dir/startup_stm32f10x_md.s.obj
DMA1_Channel1_IRQHandler                          CMakeFiles/LED.out.dir/startup_stm32f10x_md.s.obj
DMA1_Channel2_IRQHandler                          CMakeFiles/LED.out.dir/startup_stm32f10x_md.s.obj
DMA1_Channel3_IRQHandler                          CMakeFiles/LED.out.dir/startup_stm32f10x_md.s.obj
DMA1_Channel4_IRQHandler                          CMakeFiles/LED.out.dir/startup_stm32f10x_md.s.obj
DMA1_Channel5_IRQHandler                          CMakeFiles/LED.out.dir/startup_stm32f10x_md.s.obj
DMA1_Channel6_IRQHandler                          CMakeFiles/LED.out.dir/startup_stm32f10x_md.s.obj
DMA1_Channel7_IRQHandler                          CMakeFiles/LED.out.dir/startup_stm32f10x_md.s.obj
DebugMon_Handler                                  CMakeFiles/LED.out.dir/startup_stm32f10x_md.s.obj
Default_Handler                                   CMakeFiles/LED.out.dir/startup_stm32f10x_md.s.obj
EXTI0_IRQHandler                                  CMakeFiles/LED.out.dir/startup_stm32f10x_md.s.obj
EXTI15_10_IRQHandler                              CMakeFiles/LED.out.dir/startup_stm32f10x_md.s.obj
EXTI1_IRQHandler                                  CMakeFiles/LED.out.dir/startup_stm32f10x_md.s.obj
EXTI2_IRQHandler                                  CMakeFiles/LED.out.dir/startup_stm32f10x_md.s.obj
EXTI3_IRQHandler                                  CMakeFiles/LED.out.dir/startup_stm32f10x_md.s.obj
EXTI4_IRQHandler                                  CMakeFiles/LED.out.dir/startup_stm32f10x_md.s.obj
EXTI9_5_IRQHandler                                CMakeFiles/LED.out.dir/startup_stm32f10x_md.s.obj
FLASH_IRQHandler                                  CMakeFiles/LED.out.dir/startup_stm32f10x_md.s.obj
HardFault_Handler                                 CMakeFiles/LED.out.dir/startup_stm32f10x_md.s.obj
I2C1_ER_IRQHandler                                CMakeFiles/LED.out.dir/startup_stm32f10x_md.s.obj
I2C1_EV_IRQHandler                                CMakeFiles/LED.out.dir/startup_stm32f10x_md.s.obj
I2C2_ER_IRQHandler                                CMakeFiles/LED.out.dir/startup_stm32f10x_md.s.obj
I2C2_EV_IRQHandler                                CMakeFiles/LED.out.dir/startup_stm32f10x_md.s.obj
LED::LED(unsigned long, GPIO_REG::Pin)            CMakeFiles/LED.out.dir/APP/Src/LED.cpp.obj
                                                  CMakeFiles/LED.out.dir/APP/Src/main.cpp.obj
LED::LED(unsigned long, GPIO_REG::Pin)            CMakeFiles/LED.out.dir/APP/Src/LED.cpp.obj
LED::RESET()                                      CMakeFiles/LED.out.dir/APP/Src/LED.cpp.obj
LED::Read()                                       CMakeFiles/LED.out.dir/APP/Src/LED.cpp.obj
LED::SET()                                        CMakeFiles/LED.out.dir/APP/Src/LED.cpp.obj
                                                  CMakeFiles/LED.out.dir/APP/Src/main.cpp.obj
LED::Toggle()                                     CMakeFiles/LED.out.dir/APP/Src/LED.cpp.obj
MemManage_Handler                                 CMakeFiles/LED.out.dir/startup_stm32f10x_md.s.obj
NMI_Handler                                       CMakeFiles/LED.out.dir/startup_stm32f10x_md.s.obj
PVD_IRQHandler                                    CMakeFiles/LED.out.dir/startup_stm32f10x_md.s.obj
PendSV_Handler                                    CMakeFiles/LED.out.dir/startup_stm32f10x_md.s.obj
RCC_IRQHandler                                    CMakeFiles/LED.out.dir/startup_stm32f10x_md.s.obj
RTC_Alarm_IRQHandler                              CMakeFiles/LED.out.dir/startup_stm32f10x_md.s.obj
RTC_IRQHandler                                    CMakeFiles/LED.out.dir/startup_stm32f10x_md.s.obj
Reset_Handler                                     CMakeFiles/LED.out.dir/startup_stm32f10x_md.s.obj
SPI1_IRQHandler                                   CMakeFiles/LED.out.dir/startup_stm32f10x_md.s.obj
SPI2_IRQHandler                                   CMakeFiles/LED.out.dir/startup_stm32f10x_md.s.obj
SVC_Handler                                       CMakeFiles/LED.out.dir/startup_stm32f10x_md.s.obj
SysTick_Handler                                   CMakeFiles/LED.out.dir/startup_stm32f10x_md.s.obj
SystemCoreClock                                   CMakeFiles/LED.out.dir/Device/Src/system_stm32f1xx.c.obj
SystemCoreClockUpdate                             CMakeFiles/LED.out.dir/Device/Src/system_stm32f1xx.c.obj
SystemInit                                        CMakeFiles/LED.out.dir/Device/Src/system_stm32f1xx.c.obj
                                                  CMakeFiles/LED.out.dir/startup_stm32f10x_md.s.obj
TAMPER_IRQHandler                                 CMakeFiles/LED.out.dir/startup_stm32f10x_md.s.obj
TIM1_BRK_IRQHandler                               CMakeFiles/LED.out.dir/startup_stm32f10x_md.s.obj
TIM1_CC_IRQHandler                                CMakeFiles/LED.out.dir/startup_stm32f10x_md.s.obj
TIM1_TRG_COM_IRQHandler                           CMakeFiles/LED.out.dir/startup_stm32f10x_md.s.obj
TIM1_UP_IRQHandler                                CMakeFiles/LED.out.dir/startup_stm32f10x_md.s.obj
TIM2_IRQHandler                                   CMakeFiles/LED.out.dir/startup_stm32f10x_md.s.obj
TIM3_IRQHandler                                   CMakeFiles/LED.out.dir/startup_stm32f10x_md.s.obj
TIM4_IRQHandler                                   CMakeFiles/LED.out.dir/startup_stm32f10x_md.s.obj
Timer::Delay(unsigned short)                      CMakeFiles/LED.out.dir/APP/Src/Timer.cpp.obj
Timer::DisablePeripheral()                        CMakeFiles/LED.out.dir/APP/Src/Timer.cpp.obj
Timer::EnablePeripheral()                         CMakeFiles/LED.out.dir/APP/Src/Timer.cpp.obj
Timer::GetCounter()                               CMakeFiles/LED.out.dir/APP/Src/Timer.cpp.obj
Timer::SetPeriod()                                CMakeFiles/LED.out.dir/APP/Src/Timer.cpp.obj
Timer::SetPrescaler(unsigned short)               CMakeFiles/LED.out.dir/APP/Src/Timer.cpp.obj
Timer::StartCounter()                             CMakeFiles/LED.out.dir/APP/Src/Timer.cpp.obj
Timer::Timer()                                    CMakeFiles/LED.out.dir/APP/Src/Timer.cpp.obj
Timer::Timer()                                    CMakeFiles/LED.out.dir/APP/Src/Timer.cpp.obj
USART1_IRQHandler                                 CMakeFiles/LED.out.dir/startup_stm32f10x_md.s.obj
USART2_IRQHandler                                 CMakeFiles/LED.out.dir/startup_stm32f10x_md.s.obj
USART3_IRQHandler                                 CMakeFiles/LED.out.dir/startup_stm32f10x_md.s.obj
USBWakeUp_IRQHandler                              CMakeFiles/LED.out.dir/startup_stm32f10x_md.s.obj
USB_HP_CAN1_TX_IRQHandler                         CMakeFiles/LED.out.dir/startup_stm32f10x_md.s.obj
USB_LP_CAN1_RX0_IRQHandler                        CMakeFiles/LED.out.dir/startup_stm32f10x_md.s.obj
UsageFault_Handler                                CMakeFiles/LED.out.dir/startup_stm32f10x_md.s.obj
WWDG_IRQHandler                                   CMakeFiles/LED.out.dir/startup_stm32f10x_md.s.obj
_Unwind_Backtrace                                 c:/progra~2/gnuarm~1/102020~1/bin/../lib/gcc/arm-none-eabi/10.2.1/thumb/v7-m/nofp\libgcc.a(libunwind.o)
_Unwind_Complete                                  c:/progra~2/gnuarm~1/102020~1/bin/../lib/gcc/arm-none-eabi/10.2.1/thumb/v7-m/nofp\libgcc.a(unwind-arm.o)
_Unwind_DeleteException                           c:/progra~2/gnuarm~1/102020~1/bin/../lib/gcc/arm-none-eabi/10.2.1/thumb/v7-m/nofp\libgcc.a(unwind-arm.o)
_Unwind_ForcedUnwind                              c:/progra~2/gnuarm~1/102020~1/bin/../lib/gcc/arm-none-eabi/10.2.1/thumb/v7-m/nofp\libgcc.a(libunwind.o)
_Unwind_GetCFA                                    c:/progra~2/gnuarm~1/102020~1/bin/../lib/gcc/arm-none-eabi/10.2.1/thumb/v7-m/nofp\libgcc.a(unwind-arm.o)
_Unwind_GetDataRelBase                            c:/progra~2/gnuarm~1/102020~1/bin/../lib/gcc/arm-none-eabi/10.2.1/thumb/v7-m/nofp\libgcc.a(pr-support.o)
_Unwind_GetLanguageSpecificData                   c:/progra~2/gnuarm~1/102020~1/bin/../lib/gcc/arm-none-eabi/10.2.1/thumb/v7-m/nofp\libgcc.a(pr-support.o)
_Unwind_GetRegionStart                            c:/progra~2/gnuarm~1/102020~1/bin/../lib/gcc/arm-none-eabi/10.2.1/thumb/v7-m/nofp\libgcc.a(pr-support.o)
_Unwind_GetTextRelBase                            c:/progra~2/gnuarm~1/102020~1/bin/../lib/gcc/arm-none-eabi/10.2.1/thumb/v7-m/nofp\libgcc.a(pr-support.o)
_Unwind_RaiseException                            c:/progra~2/gnuarm~1/102020~1/bin/../lib/gcc/arm-none-eabi/10.2.1/thumb/v7-m/nofp\libgcc.a(libunwind.o)
_Unwind_Resume                                    c:/progra~2/gnuarm~1/102020~1/bin/../lib/gcc/arm-none-eabi/10.2.1/thumb/v7-m/nofp\libgcc.a(libunwind.o)
_Unwind_Resume_or_Rethrow                         c:/progra~2/gnuarm~1/102020~1/bin/../lib/gcc/arm-none-eabi/10.2.1/thumb/v7-m/nofp\libgcc.a(libunwind.o)
_Unwind_VRS_Get                                   c:/progra~2/gnuarm~1/102020~1/bin/../lib/gcc/arm-none-eabi/10.2.1/thumb/v7-m/nofp\libgcc.a(unwind-arm.o)
                                                  c:/progra~2/gnuarm~1/102020~1/bin/../lib/gcc/arm-none-eabi/10.2.1/thumb/v7-m/nofp\libgcc.a(pr-support.o)
_Unwind_VRS_Pop                                   c:/progra~2/gnuarm~1/102020~1/bin/../lib/gcc/arm-none-eabi/10.2.1/thumb/v7-m/nofp\libgcc.a(unwind-arm.o)
                                                  c:/progra~2/gnuarm~1/102020~1/bin/../lib/gcc/arm-none-eabi/10.2.1/thumb/v7-m/nofp\libgcc.a(pr-support.o)
_Unwind_VRS_Set                                   c:/progra~2/gnuarm~1/102020~1/bin/../lib/gcc/arm-none-eabi/10.2.1/thumb/v7-m/nofp\libgcc.a(unwind-arm.o)
                                                  c:/progra~2/gnuarm~1/102020~1/bin/../lib/gcc/arm-none-eabi/10.2.1/thumb/v7-m/nofp\libgcc.a(pr-support.o)
___Unwind_Backtrace                               c:/progra~2/gnuarm~1/102020~1/bin/../lib/gcc/arm-none-eabi/10.2.1/thumb/v7-m/nofp\libgcc.a(libunwind.o)
___Unwind_ForcedUnwind                            c:/progra~2/gnuarm~1/102020~1/bin/../lib/gcc/arm-none-eabi/10.2.1/thumb/v7-m/nofp\libgcc.a(libunwind.o)
___Unwind_RaiseException                          c:/progra~2/gnuarm~1/102020~1/bin/../lib/gcc/arm-none-eabi/10.2.1/thumb/v7-m/nofp\libgcc.a(libunwind.o)
___Unwind_Resume                                  c:/progra~2/gnuarm~1/102020~1/bin/../lib/gcc/arm-none-eabi/10.2.1/thumb/v7-m/nofp\libgcc.a(libunwind.o)
___Unwind_Resume_or_Rethrow                       c:/progra~2/gnuarm~1/102020~1/bin/../lib/gcc/arm-none-eabi/10.2.1/thumb/v7-m/nofp\libgcc.a(libunwind.o)
__aeabi_unwind_cpp_pr0                            c:/progra~2/gnuarm~1/102020~1/bin/../lib/gcc/arm-none-eabi/10.2.1/thumb/v7-m/nofp\libgcc.a(unwind-arm.o)
                                                  c:/progra~2/gnuarm~1/102020~1/bin/../lib/gcc/arm-none-eabi/10.2.1/thumb/v7-m/nofp\libgcc.a(pr-support.o)
                                                  CMakeFiles/LED.out.dir/APP/Src/main.cpp.obj
__aeabi_unwind_cpp_pr1                            c:/progra~2/gnuarm~1/102020~1/bin/../lib/gcc/arm-none-eabi/10.2.1/thumb/v7-m/nofp\libgcc.a(unwind-arm.o)
                                                  c:/progra~2/gnuarm~1/102020~1/bin/../lib/gcc/arm-none-eabi/10.2.1/thumb/v7-m/nofp\libgcc.a(pr-support.o)
__aeabi_unwind_cpp_pr2                            c:/progra~2/gnuarm~1/102020~1/bin/../lib/gcc/arm-none-eabi/10.2.1/thumb/v7-m/nofp\libgcc.a(unwind-arm.o)
__bss_end__                                       c:/progra~2/gnuarm~1/102020~1/bin/../lib/gcc/arm-none-eabi/10.2.1/../../../../arm-none-eabi/lib/thumb/v7-m/nofp/crt0.o
__bss_start__                                     c:/progra~2/gnuarm~1/102020~1/bin/../lib/gcc/arm-none-eabi/10.2.1/../../../../arm-none-eabi/lib/thumb/v7-m/nofp/crt0.o
__call_exitprocs                                  c:/progra~2/gnuarm~1/102020~1/bin/../lib/gcc/arm-none-eabi/10.2.1/../../../../arm-none-eabi/lib/thumb/v7-m/nofp\libc_nano.a(lib_a-exit.o)
__cxa_begin_cleanup                               c:/progra~2/gnuarm~1/102020~1/bin/../lib/gcc/arm-none-eabi/10.2.1/thumb/v7-m/nofp\libgcc.a(unwind-arm.o)
__cxa_call_unexpected                             c:/progra~2/gnuarm~1/102020~1/bin/../lib/gcc/arm-none-eabi/10.2.1/thumb/v7-m/nofp\libgcc.a(unwind-arm.o)
__cxa_type_match                                  c:/progra~2/gnuarm~1/102020~1/bin/../lib/gcc/arm-none-eabi/10.2.1/thumb/v7-m/nofp\libgcc.a(unwind-arm.o)
__deregister_frame_info                           c:/progra~2/gnuarm~1/102020~1/bin/../lib/gcc/arm-none-eabi/10.2.1/thumb/v7-m/nofp/crtbegin.o
__dso_handle                                      c:/progra~2/gnuarm~1/102020~1/bin/../lib/gcc/arm-none-eabi/10.2.1/thumb/v7-m/nofp/crtbegin.o
__exidx_end                                       c:/progra~2/gnuarm~1/102020~1/bin/../lib/gcc/arm-none-eabi/10.2.1/thumb/v7-m/nofp\libgcc.a(unwind-arm.o)
__exidx_start                                     c:/progra~2/gnuarm~1/102020~1/bin/../lib/gcc/arm-none-eabi/10.2.1/thumb/v7-m/nofp\libgcc.a(unwind-arm.o)
__gnu_Unwind_Backtrace                            c:/progra~2/gnuarm~1/102020~1/bin/../lib/gcc/arm-none-eabi/10.2.1/thumb/v7-m/nofp\libgcc.a(unwind-arm.o)
                                                  c:/progra~2/gnuarm~1/102020~1/bin/../lib/gcc/arm-none-eabi/10.2.1/thumb/v7-m/nofp\libgcc.a(libunwind.o)
__gnu_Unwind_Find_exidx                           c:/progra~2/gnuarm~1/102020~1/bin/../lib/gcc/arm-none-eabi/10.2.1/thumb/v7-m/nofp\libgcc.a(unwind-arm.o)
__gnu_Unwind_ForcedUnwind                         c:/progra~2/gnuarm~1/102020~1/bin/../lib/gcc/arm-none-eabi/10.2.1/thumb/v7-m/nofp\libgcc.a(unwind-arm.o)
                                                  c:/progra~2/gnuarm~1/102020~1/bin/../lib/gcc/arm-none-eabi/10.2.1/thumb/v7-m/nofp\libgcc.a(libunwind.o)
__gnu_Unwind_RaiseException                       c:/progra~2/gnuarm~1/102020~1/bin/../lib/gcc/arm-none-eabi/10.2.1/thumb/v7-m/nofp\libgcc.a(unwind-arm.o)
                                                  c:/progra~2/gnuarm~1/102020~1/bin/../lib/gcc/arm-none-eabi/10.2.1/thumb/v7-m/nofp\libgcc.a(libunwind.o)
__gnu_Unwind_Restore_VFP                          c:/progra~2/gnuarm~1/102020~1/bin/../lib/gcc/arm-none-eabi/10.2.1/thumb/v7-m/nofp\libgcc.a(libunwind.o)
                                                  c:/progra~2/gnuarm~1/102020~1/bin/../lib/gcc/arm-none-eabi/10.2.1/thumb/v7-m/nofp\libgcc.a(unwind-arm.o)
__gnu_Unwind_Restore_VFP_D                        c:/progra~2/gnuarm~1/102020~1/bin/../lib/gcc/arm-none-eabi/10.2.1/thumb/v7-m/nofp\libgcc.a(libunwind.o)
                                                  c:/progra~2/gnuarm~1/102020~1/bin/../lib/gcc/arm-none-eabi/10.2.1/thumb/v7-m/nofp\libgcc.a(unwind-arm.o)
__gnu_Unwind_Restore_VFP_D_16_to_31               c:/progra~2/gnuarm~1/102020~1/bin/../lib/gcc/arm-none-eabi/10.2.1/thumb/v7-m/nofp\libgcc.a(libunwind.o)
                                                  c:/progra~2/gnuarm~1/102020~1/bin/../lib/gcc/arm-none-eabi/10.2.1/thumb/v7-m/nofp\libgcc.a(unwind-arm.o)
__gnu_Unwind_Restore_WMMXC                        c:/progra~2/gnuarm~1/102020~1/bin/../lib/gcc/arm-none-eabi/10.2.1/thumb/v7-m/nofp\libgcc.a(libunwind.o)
                                                  c:/progra~2/gnuarm~1/102020~1/bin/../lib/gcc/arm-none-eabi/10.2.1/thumb/v7-m/nofp\libgcc.a(unwind-arm.o)
__gnu_Unwind_Restore_WMMXD                        c:/progra~2/gnuarm~1/102020~1/bin/../lib/gcc/arm-none-eabi/10.2.1/thumb/v7-m/nofp\libgcc.a(libunwind.o)
                                                  c:/progra~2/gnuarm~1/102020~1/bin/../lib/gcc/arm-none-eabi/10.2.1/thumb/v7-m/nofp\libgcc.a(unwind-arm.o)
__gnu_Unwind_Resume                               c:/progra~2/gnuarm~1/102020~1/bin/../lib/gcc/arm-none-eabi/10.2.1/thumb/v7-m/nofp\libgcc.a(unwind-arm.o)
                                                  c:/progra~2/gnuarm~1/102020~1/bin/../lib/gcc/arm-none-eabi/10.2.1/thumb/v7-m/nofp\libgcc.a(libunwind.o)
__gnu_Unwind_Resume_or_Rethrow                    c:/progra~2/gnuarm~1/102020~1/bin/../lib/gcc/arm-none-eabi/10.2.1/thumb/v7-m/nofp\libgcc.a(unwind-arm.o)
                                                  c:/progra~2/gnuarm~1/102020~1/bin/../lib/gcc/arm-none-eabi/10.2.1/thumb/v7-m/nofp\libgcc.a(libunwind.o)
__gnu_Unwind_Save_VFP                             c:/progra~2/gnuarm~1/102020~1/bin/../lib/gcc/arm-none-eabi/10.2.1/thumb/v7-m/nofp\libgcc.a(libunwind.o)
                                                  c:/progra~2/gnuarm~1/102020~1/bin/../lib/gcc/arm-none-eabi/10.2.1/thumb/v7-m/nofp\libgcc.a(unwind-arm.o)
__gnu_Unwind_Save_VFP_D                           c:/progra~2/gnuarm~1/102020~1/bin/../lib/gcc/arm-none-eabi/10.2.1/thumb/v7-m/nofp\libgcc.a(libunwind.o)
                                                  c:/progra~2/gnuarm~1/102020~1/bin/../lib/gcc/arm-none-eabi/10.2.1/thumb/v7-m/nofp\libgcc.a(unwind-arm.o)
__gnu_Unwind_Save_VFP_D_16_to_31                  c:/progra~2/gnuarm~1/102020~1/bin/../lib/gcc/arm-none-eabi/10.2.1/thumb/v7-m/nofp\libgcc.a(libunwind.o)
                                                  c:/progra~2/gnuarm~1/102020~1/bin/../lib/gcc/arm-none-eabi/10.2.1/thumb/v7-m/nofp\libgcc.a(unwind-arm.o)
__gnu_Unwind_Save_WMMXC                           c:/progra~2/gnuarm~1/102020~1/bin/../lib/gcc/arm-none-eabi/10.2.1/thumb/v7-m/nofp\libgcc.a(libunwind.o)
                                                  c:/progra~2/gnuarm~1/102020~1/bin/../lib/gcc/arm-none-eabi/10.2.1/thumb/v7-m/nofp\libgcc.a(unwind-arm.o)
__gnu_Unwind_Save_WMMXD                           c:/progra~2/gnuarm~1/102020~1/bin/../lib/gcc/arm-none-eabi/10.2.1/thumb/v7-m/nofp\libgcc.a(libunwind.o)
                                                  c:/progra~2/gnuarm~1/102020~1/bin/../lib/gcc/arm-none-eabi/10.2.1/thumb/v7-m/nofp\libgcc.a(unwind-arm.o)
__gnu_unwind_execute                              c:/progra~2/gnuarm~1/102020~1/bin/../lib/gcc/arm-none-eabi/10.2.1/thumb/v7-m/nofp\libgcc.a(pr-support.o)
                                                  c:/progra~2/gnuarm~1/102020~1/bin/../lib/gcc/arm-none-eabi/10.2.1/thumb/v7-m/nofp\libgcc.a(unwind-arm.o)
__gnu_unwind_frame                                c:/progra~2/gnuarm~1/102020~1/bin/../lib/gcc/arm-none-eabi/10.2.1/thumb/v7-m/nofp\libgcc.a(pr-support.o)
__init_array_end                                  c:/progra~2/gnuarm~1/102020~1/bin/../lib/gcc/arm-none-eabi/10.2.1/../../../../arm-none-eabi/lib/thumb/v7-m/nofp\libc_nano.a(lib_a-init.o)
__init_array_start                                c:/progra~2/gnuarm~1/102020~1/bin/../lib/gcc/arm-none-eabi/10.2.1/../../../../arm-none-eabi/lib/thumb/v7-m/nofp\libc_nano.a(lib_a-init.o)
__libc_fini_array                                 c:/progra~2/gnuarm~1/102020~1/bin/../lib/gcc/arm-none-eabi/10.2.1/../../../../arm-none-eabi/lib/thumb/v7-m/nofp/crt0.o
__libc_init_array                                 c:/progra~2/gnuarm~1/102020~1/bin/../lib/gcc/arm-none-eabi/10.2.1/../../../../arm-none-eabi/lib/thumb/v7-m/nofp\libc_nano.a(lib_a-init.o)
                                                  CMakeFiles/LED.out.dir/startup_stm32f10x_md.s.obj
                                                  c:/progra~2/gnuarm~1/102020~1/bin/../lib/gcc/arm-none-eabi/10.2.1/../../../../arm-none-eabi/lib/thumb/v7-m/nofp/crt0.o
__lock___arc4random_mutex                         c:/progra~2/gnuarm~1/102020~1/bin/../lib/gcc/arm-none-eabi/10.2.1/../../../../arm-none-eabi/lib/thumb/v7-m/nofp\libg_nano.a(lib_a-lock.o)
__lock___at_quick_exit_mutex                      c:/progra~2/gnuarm~1/102020~1/bin/../lib/gcc/arm-none-eabi/10.2.1/../../../../arm-none-eabi/lib/thumb/v7-m/nofp\libg_nano.a(lib_a-lock.o)
__lock___atexit_recursive_mutex                   c:/progra~2/gnuarm~1/102020~1/bin/../lib/gcc/arm-none-eabi/10.2.1/../../../../arm-none-eabi/lib/thumb/v7-m/nofp\libg_nano.a(lib_a-lock.o)
__lock___dd_hash_mutex                            c:/progra~2/gnuarm~1/102020~1/bin/../lib/gcc/arm-none-eabi/10.2.1/../../../../arm-none-eabi/lib/thumb/v7-m/nofp\libg_nano.a(lib_a-lock.o)
__lock___env_recursive_mutex                      c:/progra~2/gnuarm~1/102020~1/bin/../lib/gcc/arm-none-eabi/10.2.1/../../../../arm-none-eabi/lib/thumb/v7-m/nofp\libg_nano.a(lib_a-lock.o)
__lock___malloc_recursive_mutex                   c:/progra~2/gnuarm~1/102020~1/bin/../lib/gcc/arm-none-eabi/10.2.1/../../../../arm-none-eabi/lib/thumb/v7-m/nofp\libg_nano.a(lib_a-lock.o)
                                                  c:/progra~2/gnuarm~1/102020~1/bin/../lib/gcc/arm-none-eabi/10.2.1/../../../../arm-none-eabi/lib/thumb/v7-m/nofp\libg_nano.a(lib_a-mlock.o)
__lock___sfp_recursive_mutex                      c:/progra~2/gnuarm~1/102020~1/bin/../lib/gcc/arm-none-eabi/10.2.1/../../../../arm-none-eabi/lib/thumb/v7-m/nofp\libg_nano.a(lib_a-lock.o)
__lock___sinit_recursive_mutex                    c:/progra~2/gnuarm~1/102020~1/bin/../lib/gcc/arm-none-eabi/10.2.1/../../../../arm-none-eabi/lib/thumb/v7-m/nofp\libg_nano.a(lib_a-lock.o)
__lock___tz_mutex                                 c:/progra~2/gnuarm~1/102020~1/bin/../lib/gcc/arm-none-eabi/10.2.1/../../../../arm-none-eabi/lib/thumb/v7-m/nofp\libg_nano.a(lib_a-lock.o)
__malloc_free_list                                c:/progra~2/gnuarm~1/102020~1/bin/../lib/gcc/arm-none-eabi/10.2.1/../../../../arm-none-eabi/lib/thumb/v7-m/nofp\libg_nano.a(lib_a-nano-mallocr.o)
                                                  c:/progra~2/gnuarm~1/102020~1/bin/../lib/gcc/arm-none-eabi/10.2.1/../../../../arm-none-eabi/lib/thumb/v7-m/nofp\libg_nano.a(lib_a-nano-freer.o)
__malloc_lock                                     c:/progra~2/gnuarm~1/102020~1/bin/../lib/gcc/arm-none-eabi/10.2.1/../../../../arm-none-eabi/lib/thumb/v7-m/nofp\libg_nano.a(lib_a-mlock.o)
                                                  c:/progra~2/gnuarm~1/102020~1/bin/../lib/gcc/arm-none-eabi/10.2.1/../../../../arm-none-eabi/lib/thumb/v7-m/nofp\libg_nano.a(lib_a-nano-freer.o)
                                                  c:/progra~2/gnuarm~1/102020~1/bin/../lib/gcc/arm-none-eabi/10.2.1/../../../../arm-none-eabi/lib/thumb/v7-m/nofp\libg_nano.a(lib_a-nano-mallocr.o)
__malloc_sbrk_start                               c:/progra~2/gnuarm~1/102020~1/bin/../lib/gcc/arm-none-eabi/10.2.1/../../../../arm-none-eabi/lib/thumb/v7-m/nofp\libg_nano.a(lib_a-nano-mallocr.o)
__malloc_unlock                                   c:/progra~2/gnuarm~1/102020~1/bin/../lib/gcc/arm-none-eabi/10.2.1/../../../../arm-none-eabi/lib/thumb/v7-m/nofp\libg_nano.a(lib_a-mlock.o)
                                                  c:/progra~2/gnuarm~1/102020~1/bin/../lib/gcc/arm-none-eabi/10.2.1/../../../../arm-none-eabi/lib/thumb/v7-m/nofp\libg_nano.a(lib_a-nano-freer.o)
                                                  c:/progra~2/gnuarm~1/102020~1/bin/../lib/gcc/arm-none-eabi/10.2.1/../../../../arm-none-eabi/lib/thumb/v7-m/nofp\libg_nano.a(lib_a-nano-mallocr.o)
__preinit_array_end                               c:/progra~2/gnuarm~1/102020~1/bin/../lib/gcc/arm-none-eabi/10.2.1/../../../../arm-none-eabi/lib/thumb/v7-m/nofp\libc_nano.a(lib_a-init.o)
__preinit_array_start                             c:/progra~2/gnuarm~1/102020~1/bin/../lib/gcc/arm-none-eabi/10.2.1/../../../../arm-none-eabi/lib/thumb/v7-m/nofp\libc_nano.a(lib_a-init.o)
__register_frame_info                             c:/progra~2/gnuarm~1/102020~1/bin/../lib/gcc/arm-none-eabi/10.2.1/thumb/v7-m/nofp/crtbegin.o
__restore_core_regs                               c:/progra~2/gnuarm~1/102020~1/bin/../lib/gcc/arm-none-eabi/10.2.1/thumb/v7-m/nofp\libgcc.a(libunwind.o)
__retarget_lock_acquire                           c:/progra~2/gnuarm~1/102020~1/bin/../lib/gcc/arm-none-eabi/10.2.1/../../../../arm-none-eabi/lib/thumb/v7-m/nofp\libg_nano.a(lib_a-lock.o)
__retarget_lock_acquire_recursive                 c:/progra~2/gnuarm~1/102020~1/bin/../lib/gcc/arm-none-eabi/10.2.1/../../../../arm-none-eabi/lib/thumb/v7-m/nofp\libg_nano.a(lib_a-lock.o)
                                                  c:/progra~2/gnuarm~1/102020~1/bin/../lib/gcc/arm-none-eabi/10.2.1/../../../../arm-none-eabi/lib/thumb/v7-m/nofp\libg_nano.a(lib_a-mlock.o)
__retarget_lock_close                             c:/progra~2/gnuarm~1/102020~1/bin/../lib/gcc/arm-none-eabi/10.2.1/../../../../arm-none-eabi/lib/thumb/v7-m/nofp\libg_nano.a(lib_a-lock.o)
__retarget_lock_close_recursive                   c:/progra~2/gnuarm~1/102020~1/bin/../lib/gcc/arm-none-eabi/10.2.1/../../../../arm-none-eabi/lib/thumb/v7-m/nofp\libg_nano.a(lib_a-lock.o)
__retarget_lock_init                              c:/progra~2/gnuarm~1/102020~1/bin/../lib/gcc/arm-none-eabi/10.2.1/../../../../arm-none-eabi/lib/thumb/v7-m/nofp\libg_nano.a(lib_a-lock.o)
__retarget_lock_init_recursive                    c:/progra~2/gnuarm~1/102020~1/bin/../lib/gcc/arm-none-eabi/10.2.1/../../../../arm-none-eabi/lib/thumb/v7-m/nofp\libg_nano.a(lib_a-lock.o)
__retarget_lock_release                           c:/progra~2/gnuarm~1/102020~1/bin/../lib/gcc/arm-none-eabi/10.2.1/../../../../arm-none-eabi/lib/thumb/v7-m/nofp\libg_nano.a(lib_a-lock.o)
__retarget_lock_release_recursive                 c:/progra~2/gnuarm~1/102020~1/bin/../lib/gcc/arm-none-eabi/10.2.1/../../../../arm-none-eabi/lib/thumb/v7-m/nofp\libg_nano.a(lib_a-lock.o)
                                                  c:/progra~2/gnuarm~1/102020~1/bin/../lib/gcc/arm-none-eabi/10.2.1/../../../../arm-none-eabi/lib/thumb/v7-m/nofp\libg_nano.a(lib_a-mlock.o)
__retarget_lock_try_acquire                       c:/progra~2/gnuarm~1/102020~1/bin/../lib/gcc/arm-none-eabi/10.2.1/../../../../arm-none-eabi/lib/thumb/v7-m/nofp\libg_nano.a(lib_a-lock.o)
__retarget_lock_try_acquire_recursive             c:/progra~2/gnuarm~1/102020~1/bin/../lib/gcc/arm-none-eabi/10.2.1/../../../../arm-none-eabi/lib/thumb/v7-m/nofp\libg_nano.a(lib_a-lock.o)
__sf_fake_stderr                                  c:/progra~2/gnuarm~1/102020~1/bin/../lib/gcc/arm-none-eabi/10.2.1/../../../../arm-none-eabi/lib/thumb/v7-m/nofp\libc_nano.a(lib_a-impure.o)
__sf_fake_stdin                                   c:/progra~2/gnuarm~1/102020~1/bin/../lib/gcc/arm-none-eabi/10.2.1/../../../../arm-none-eabi/lib/thumb/v7-m/nofp\libc_nano.a(lib_a-impure.o)
__sf_fake_stdout                                  c:/progra~2/gnuarm~1/102020~1/bin/../lib/gcc/arm-none-eabi/10.2.1/../../../../arm-none-eabi/lib/thumb/v7-m/nofp\libc_nano.a(lib_a-impure.o)
__sigtramp                                        c:/progra~2/gnuarm~1/102020~1/bin/../lib/gcc/arm-none-eabi/10.2.1/../../../../arm-none-eabi/lib/thumb/v7-m/nofp\libg_nano.a(lib_a-signal.o)
__sigtramp_r                                      c:/progra~2/gnuarm~1/102020~1/bin/../lib/gcc/arm-none-eabi/10.2.1/../../../../arm-none-eabi/lib/thumb/v7-m/nofp\libg_nano.a(lib_a-signal.o)
__stack                                           c:/progra~2/gnuarm~1/102020~1/bin/../lib/gcc/arm-none-eabi/10.2.1/../../../../arm-none-eabi/lib/thumb/v7-m/nofp/crt0.o
_ebss                                             CMakeFiles/LED.out.dir/startup_stm32f10x_md.s.obj
_edata                                            CMakeFiles/LED.out.dir/startup_stm32f10x_md.s.obj
_estack                                           CMakeFiles/LED.out.dir/startup_stm32f10x_md.s.obj
_exit                                             c:/progra~2/gnuarm~1/102020~1/bin/../lib/gcc/arm-none-eabi/10.2.1/../../../../arm-none-eabi/lib/thumb/v7-m/nofp\libnosys.a(_exit.o)
                                                  c:/progra~2/gnuarm~1/102020~1/bin/../lib/gcc/arm-none-eabi/10.2.1/../../../../arm-none-eabi/lib/thumb/v7-m/nofp\libg_nano.a(lib_a-abort.o)
                                                  c:/progra~2/gnuarm~1/102020~1/bin/../lib/gcc/arm-none-eabi/10.2.1/../../../../arm-none-eabi/lib/thumb/v7-m/nofp\libc_nano.a(lib_a-exit.o)
_fini                                             c:/progra~2/gnuarm~1/102020~1/bin/../lib/gcc/arm-none-eabi/10.2.1/thumb/v7-m/nofp/crti.o
_free_r                                           c:/progra~2/gnuarm~1/102020~1/bin/../lib/gcc/arm-none-eabi/10.2.1/../../../../arm-none-eabi/lib/thumb/v7-m/nofp\libg_nano.a(lib_a-nano-freer.o)
                                                  c:/progra~2/gnuarm~1/102020~1/bin/../lib/gcc/arm-none-eabi/10.2.1/../../../../arm-none-eabi/lib/thumb/v7-m/nofp\libg_nano.a(lib_a-reent.o)
_getpid                                           c:/progra~2/gnuarm~1/102020~1/bin/../lib/gcc/arm-none-eabi/10.2.1/../../../../arm-none-eabi/lib/thumb/v7-m/nofp\libnosys.a(getpid.o)
                                                  c:/progra~2/gnuarm~1/102020~1/bin/../lib/gcc/arm-none-eabi/10.2.1/../../../../arm-none-eabi/lib/thumb/v7-m/nofp\libg_nano.a(lib_a-signalr.o)
_getpid_r                                         c:/progra~2/gnuarm~1/102020~1/bin/../lib/gcc/arm-none-eabi/10.2.1/../../../../arm-none-eabi/lib/thumb/v7-m/nofp\libg_nano.a(lib_a-signalr.o)
                                                  c:/progra~2/gnuarm~1/102020~1/bin/../lib/gcc/arm-none-eabi/10.2.1/../../../../arm-none-eabi/lib/thumb/v7-m/nofp\libg_nano.a(lib_a-signal.o)
_global_impure_ptr                                c:/progra~2/gnuarm~1/102020~1/bin/../lib/gcc/arm-none-eabi/10.2.1/../../../../arm-none-eabi/lib/thumb/v7-m/nofp\libc_nano.a(lib_a-impure.o)
                                                  c:/progra~2/gnuarm~1/102020~1/bin/../lib/gcc/arm-none-eabi/10.2.1/../../../../arm-none-eabi/lib/thumb/v7-m/nofp\libc_nano.a(lib_a-exit.o)
_impure_ptr                                       c:/progra~2/gnuarm~1/102020~1/bin/../lib/gcc/arm-none-eabi/10.2.1/../../../../arm-none-eabi/lib/thumb/v7-m/nofp\libc_nano.a(lib_a-impure.o)
                                                  c:/progra~2/gnuarm~1/102020~1/bin/../lib/gcc/arm-none-eabi/10.2.1/../../../../arm-none-eabi/lib/thumb/v7-m/nofp\libg_nano.a(lib_a-reent.o)
                                                  c:/progra~2/gnuarm~1/102020~1/bin/../lib/gcc/arm-none-eabi/10.2.1/../../../../arm-none-eabi/lib/thumb/v7-m/nofp\libg_nano.a(lib_a-signal.o)
_init                                             c:/progra~2/gnuarm~1/102020~1/bin/../lib/gcc/arm-none-eabi/10.2.1/thumb/v7-m/nofp/crti.o
                                                  c:/progra~2/gnuarm~1/102020~1/bin/../lib/gcc/arm-none-eabi/10.2.1/../../../../arm-none-eabi/lib/thumb/v7-m/nofp\libc_nano.a(lib_a-init.o)
_init_signal                                      c:/progra~2/gnuarm~1/102020~1/bin/../lib/gcc/arm-none-eabi/10.2.1/../../../../arm-none-eabi/lib/thumb/v7-m/nofp\libg_nano.a(lib_a-signal.o)
_init_signal_r                                    c:/progra~2/gnuarm~1/102020~1/bin/../lib/gcc/arm-none-eabi/10.2.1/../../../../arm-none-eabi/lib/thumb/v7-m/nofp\libg_nano.a(lib_a-signal.o)
_kill                                             c:/progra~2/gnuarm~1/102020~1/bin/../lib/gcc/arm-none-eabi/10.2.1/../../../../arm-none-eabi/lib/thumb/v7-m/nofp\libnosys.a(kill.o)
                                                  c:/progra~2/gnuarm~1/102020~1/bin/../lib/gcc/arm-none-eabi/10.2.1/../../../../arm-none-eabi/lib/thumb/v7-m/nofp\libg_nano.a(lib_a-signalr.o)
_kill_r                                           c:/progra~2/gnuarm~1/102020~1/bin/../lib/gcc/arm-none-eabi/10.2.1/../../../../arm-none-eabi/lib/thumb/v7-m/nofp\libg_nano.a(lib_a-signalr.o)
                                                  c:/progra~2/gnuarm~1/102020~1/bin/../lib/gcc/arm-none-eabi/10.2.1/../../../../arm-none-eabi/lib/thumb/v7-m/nofp\libg_nano.a(lib_a-signal.o)
_mainCRTStartup                                   c:/progra~2/gnuarm~1/102020~1/bin/../lib/gcc/arm-none-eabi/10.2.1/../../../../arm-none-eabi/lib/thumb/v7-m/nofp/crt0.o
_malloc_r                                         c:/progra~2/gnuarm~1/102020~1/bin/../lib/gcc/arm-none-eabi/10.2.1/../../../../arm-none-eabi/lib/thumb/v7-m/nofp\libg_nano.a(lib_a-nano-mallocr.o)
                                                  c:/progra~2/gnuarm~1/102020~1/bin/../lib/gcc/arm-none-eabi/10.2.1/../../../../arm-none-eabi/lib/thumb/v7-m/nofp\libg_nano.a(lib_a-signal.o)
_raise_r                                          c:/progra~2/gnuarm~1/102020~1/bin/../lib/gcc/arm-none-eabi/10.2.1/../../../../arm-none-eabi/lib/thumb/v7-m/nofp\libg_nano.a(lib_a-signal.o)
_reclaim_reent                                    c:/progra~2/gnuarm~1/102020~1/bin/../lib/gcc/arm-none-eabi/10.2.1/../../../../arm-none-eabi/lib/thumb/v7-m/nofp\libg_nano.a(lib_a-reent.o)
_sbrk                                             c:/progra~2/gnuarm~1/102020~1/bin/../lib/gcc/arm-none-eabi/10.2.1/../../../../arm-none-eabi/lib/thumb/v7-m/nofp\libnosys.a(sbrk.o)
                                                  c:/progra~2/gnuarm~1/102020~1/bin/../lib/gcc/arm-none-eabi/10.2.1/../../../../arm-none-eabi/lib/thumb/v7-m/nofp\libg_nano.a(lib_a-sbrkr.o)
_sbrk_r                                           c:/progra~2/gnuarm~1/102020~1/bin/../lib/gcc/arm-none-eabi/10.2.1/../../../../arm-none-eabi/lib/thumb/v7-m/nofp\libg_nano.a(lib_a-sbrkr.o)
                                                  c:/progra~2/gnuarm~1/102020~1/bin/../lib/gcc/arm-none-eabi/10.2.1/../../../../arm-none-eabi/lib/thumb/v7-m/nofp\libg_nano.a(lib_a-nano-mallocr.o)
_sbss                                             CMakeFiles/LED.out.dir/startup_stm32f10x_md.s.obj
_sdata                                            CMakeFiles/LED.out.dir/startup_stm32f10x_md.s.obj
_sidata                                           CMakeFiles/LED.out.dir/startup_stm32f10x_md.s.obj
_signal_r                                         c:/progra~2/gnuarm~1/102020~1/bin/../lib/gcc/arm-none-eabi/10.2.1/../../../../arm-none-eabi/lib/thumb/v7-m/nofp\libg_nano.a(lib_a-signal.o)
_stack_init                                       c:/progra~2/gnuarm~1/102020~1/bin/../lib/gcc/arm-none-eabi/10.2.1/../../../../arm-none-eabi/lib/thumb/v7-m/nofp/crt0.o
_start                                            c:/progra~2/gnuarm~1/102020~1/bin/../lib/gcc/arm-none-eabi/10.2.1/../../../../arm-none-eabi/lib/thumb/v7-m/nofp/crt0.o
abort                                             c:/progra~2/gnuarm~1/102020~1/bin/../lib/gcc/arm-none-eabi/10.2.1/../../../../arm-none-eabi/lib/thumb/v7-m/nofp\libg_nano.a(lib_a-abort.o)
                                                  c:/progra~2/gnuarm~1/102020~1/bin/../lib/gcc/arm-none-eabi/10.2.1/thumb/v7-m/nofp\libgcc.a(pr-support.o)
                                                  c:/progra~2/gnuarm~1/102020~1/bin/../lib/gcc/arm-none-eabi/10.2.1/thumb/v7-m/nofp\libgcc.a(unwind-arm.o)
atexit                                            c:/progra~2/gnuarm~1/102020~1/bin/../lib/gcc/arm-none-eabi/10.2.1/../../../../arm-none-eabi/lib/thumb/v7-m/nofp/crt0.o
cleanup_glue                                      c:/progra~2/gnuarm~1/102020~1/bin/../lib/gcc/arm-none-eabi/10.2.1/../../../../arm-none-eabi/lib/thumb/v7-m/nofp\libg_nano.a(lib_a-reent.o)
end                                               c:/progra~2/gnuarm~1/102020~1/bin/../lib/gcc/arm-none-eabi/10.2.1/../../../../arm-none-eabi/lib/thumb/v7-m/nofp\libnosys.a(sbrk.o)
errno                                             c:/progra~2/gnuarm~1/102020~1/bin/../lib/gcc/arm-none-eabi/10.2.1/../../../../arm-none-eabi/lib/thumb/v7-m/nofp\libg_nano.a(lib_a-reent.o)
                                                  c:/progra~2/gnuarm~1/102020~1/bin/../lib/gcc/arm-none-eabi/10.2.1/../../../../arm-none-eabi/lib/thumb/v7-m/nofp\libnosys.a(kill.o)
                                                  c:/progra~2/gnuarm~1/102020~1/bin/../lib/gcc/arm-none-eabi/10.2.1/../../../../arm-none-eabi/lib/thumb/v7-m/nofp\libnosys.a(getpid.o)
                                                  c:/progra~2/gnuarm~1/102020~1/bin/../lib/gcc/arm-none-eabi/10.2.1/../../../../arm-none-eabi/lib/thumb/v7-m/nofp\libg_nano.a(lib_a-sbrkr.o)
                                                  c:/progra~2/gnuarm~1/102020~1/bin/../lib/gcc/arm-none-eabi/10.2.1/../../../../arm-none-eabi/lib/thumb/v7-m/nofp\libg_nano.a(lib_a-signalr.o)
exit                                              c:/progra~2/gnuarm~1/102020~1/bin/../lib/gcc/arm-none-eabi/10.2.1/../../../../arm-none-eabi/lib/thumb/v7-m/nofp\libc_nano.a(lib_a-exit.o)
                                                  c:/progra~2/gnuarm~1/102020~1/bin/../lib/gcc/arm-none-eabi/10.2.1/../../../../arm-none-eabi/lib/thumb/v7-m/nofp/crt0.o
g_pfnVectors                                      CMakeFiles/LED.out.dir/startup_stm32f10x_md.s.obj
hardware_init_hook                                c:/progra~2/gnuarm~1/102020~1/bin/../lib/gcc/arm-none-eabi/10.2.1/../../../../arm-none-eabi/lib/thumb/v7-m/nofp/crt0.o
main                                              CMakeFiles/LED.out.dir/APP/Src/main.cpp.obj
                                                  CMakeFiles/LED.out.dir/startup_stm32f10x_md.s.obj
                                                  c:/progra~2/gnuarm~1/102020~1/bin/../lib/gcc/arm-none-eabi/10.2.1/../../../../arm-none-eabi/lib/thumb/v7-m/nofp/crt0.o
memcpy                                            c:/progra~2/gnuarm~1/102020~1/bin/../lib/gcc/arm-none-eabi/10.2.1/../../../../arm-none-eabi/lib/thumb/v7-m/nofp\libg_nano.a(lib_a-memcpy-stub.o)
                                                  c:/progra~2/gnuarm~1/102020~1/bin/../lib/gcc/arm-none-eabi/10.2.1/thumb/v7-m/nofp\libgcc.a(unwind-arm.o)
memset                                            c:/progra~2/gnuarm~1/102020~1/bin/../lib/gcc/arm-none-eabi/10.2.1/../../../../arm-none-eabi/lib/thumb/v7-m/nofp\libc_nano.a(lib_a-memset.o)
                                                  c:/progra~2/gnuarm~1/102020~1/bin/../lib/gcc/arm-none-eabi/10.2.1/../../../../arm-none-eabi/lib/thumb/v7-m/nofp/crt0.o
raise                                             c:/progra~2/gnuarm~1/102020~1/bin/../lib/gcc/arm-none-eabi/10.2.1/../../../../arm-none-eabi/lib/thumb/v7-m/nofp\libg_nano.a(lib_a-signal.o)
                                                  c:/progra~2/gnuarm~1/102020~1/bin/../lib/gcc/arm-none-eabi/10.2.1/../../../../arm-none-eabi/lib/thumb/v7-m/nofp\libg_nano.a(lib_a-abort.o)
restore_core_regs                                 c:/progra~2/gnuarm~1/102020~1/bin/../lib/gcc/arm-none-eabi/10.2.1/thumb/v7-m/nofp\libgcc.a(libunwind.o)
                                                  c:/progra~2/gnuarm~1/102020~1/bin/../lib/gcc/arm-none-eabi/10.2.1/thumb/v7-m/nofp\libgcc.a(unwind-arm.o)
signal                                            c:/progra~2/gnuarm~1/102020~1/bin/../lib/gcc/arm-none-eabi/10.2.1/../../../../arm-none-eabi/lib/thumb/v7-m/nofp\libg_nano.a(lib_a-signal.o)
software_init_hook                                c:/progra~2/gnuarm~1/102020~1/bin/../lib/gcc/arm-none-eabi/10.2.1/../../../../arm-none-eabi/lib/thumb/v7-m/nofp/crt0.o
